Copyright 1986-2018 Xilinx, Inc. All Rights Reserved.
------------------------------------------------------------------------------------------------------
| Tool Version : Vivado v.2018.3 (win64) Build 2405991 Thu Dec  6 23:38:27 MST 2018
| Date         : Fri Sep 11 11:08:53 2020
| Host         : DESKTOP-A6S5VF0 running 64-bit major release  (build 9200)
| Command      : report_control_sets -verbose -file spi_MCP23S08_switches_top_control_sets_placed.rpt
| Design       : spi_MCP23S08_switches_top
| Device       : xc7a100t
------------------------------------------------------------------------------------------------------

Control Set Information

Table of Contents
-----------------
1. Summary
2. Histogram
3. Flip-Flop Distribution
4. Detailed Control Set Information

1. Summary
----------

+----------------------------------------------------------+-------+
|                          Status                          | Count |
+----------------------------------------------------------+-------+
| Number of unique control sets                            |     6 |
| Unused register locations in slices containing registers |    20 |
+----------------------------------------------------------+-------+


2. Histogram
------------

+--------+--------------+
| Fanout | Control Sets |
+--------+--------------+
|      1 |            1 |
|      2 |            1 |
|      6 |            1 |
|      8 |            1 |
|     12 |            1 |
|    16+ |            1 |
+--------+--------------+


3. Flip-Flop Distribution
-------------------------

+--------------+-----------------------+------------------------+-----------------+--------------+
| Clock Enable | Synchronous Set/Reset | Asynchronous Set/Reset | Total Registers | Total Slices |
+--------------+-----------------------+------------------------+-----------------+--------------+
| No           | No                    | No                     |               2 |            1 |
| No           | No                    | Yes                    |              57 |           15 |
| No           | Yes                   | No                     |               0 |            0 |
| Yes          | No                    | No                     |               0 |            0 |
| Yes          | No                    | Yes                    |               9 |            6 |
| Yes          | Yes                   | No                     |               0 |            0 |
+--------------+-----------------------+------------------------+-----------------+--------------+


4. Detailed Control Set Information
-----------------------------------

+-------------------+----------------------------------------------+------------------+------------------+----------------+
|    Clock Signal   |                 Enable Signal                | Set/Reset Signal | Slice Load Count | Bel Load Count |
+-------------------+----------------------------------------------+------------------+------------------+----------------+
|  r_clk_10Mhz_BUFG | spi_MCP23S08_switches_inst/o_cs_i_1_n_0      | i_reset_IBUF     |                1 |              1 |
|  r_clk_10Mhz_BUFG |                                              |                  |                1 |              2 |
|  i_clk_IBUF_BUFG  |                                              | i_reset_IBUF     |                2 |              6 |
|  r_clk_10Mhz_BUFG | spi_MCP23S08_switches_inst/o_leds[7]_i_1_n_0 | i_reset_IBUF     |                5 |              8 |
|  r_clk_10Mhz_BUFG |                                              | i_reset_IBUF     |                6 |             12 |
| ~r_clk_10Mhz_BUFG |                                              | i_reset_IBUF     |                7 |             39 |
+-------------------+----------------------------------------------+------------------+------------------+----------------+


